0 verbose cli C:\Program Files\nodejs\node.exe C:\Program Files\nodejs\node_modules\npm\bin\npm-cli.js
1 info using npm@10.9.3
2 info using node@v22.19.0
3 silly config load:file:C:\Program Files\nodejs\node_modules\npm\npmrc
4 silly config load:file:C:\Users\user\AndroidStudioProjects\ats website ziped\New folder\.npmrc
5 silly config load:file:C:\Users\user\.npmrc
6 silly config load:file:C:\Users\user\AppData\Roaming\npm\etc\npmrc
7 verbose title npm audit
8 verbose argv "audit" "--omit" "dev" "--cache" ".\\.npm-cache"
9 verbose logfile logs-max:10 dir:C:\Users\user\AndroidStudioProjects\ats website ziped\New folder\.npm-cache\_logs\2026-07-26T18_37_38_540Z-
10 verbose logfile C:\Users\user\AndroidStudioProjects\ats website ziped\New folder\.npm-cache\_logs\2026-07-26T18_37_38_540Z-debug-0.log
11 silly logfile done cleaning log files
12 silly packumentCache heap:2197815296 maxSize:549453824 maxEntrySize:274726912
13 silly audit bulk request {
13 silly audit   '@emnapi/runtime': [ '1.11.3' ],
13 silly audit   '@img/colour': [ '1.1.0' ],
13 silly audit   '@img/sharp-darwin-arm64': [ '0.35.3' ],
13 silly audit   '@img/sharp-darwin-x64': [ '0.35.3' ],
13 silly audit   '@img/sharp-freebsd-wasm32': [ '0.35.3' ],
13 silly audit   '@img/sharp-libvips-darwin-arm64': [ '1.3.2' ],
13 silly audit   '@img/sharp-libvips-darwin-x64': [ '1.3.2' ],
13 silly audit   '@img/sharp-libvips-linux-arm': [ '1.3.2' ],
13 silly audit   '@img/sharp-libvips-linux-arm64': [ '1.3.2' ],
13 silly audit   '@img/sharp-libvips-linux-ppc64': [ '1.3.2' ],
13 silly audit   '@img/sharp-libvips-linux-riscv64': [ '1.3.2' ],
13 silly audit   '@img/sharp-libvips-linux-s390x': [ '1.3.2' ],
13 silly audit   '@img/sharp-libvips-linux-x64': [ '1.3.2' ],
13 silly audit   '@img/sharp-libvips-linuxmusl-arm64': [ '1.3.2' ],
13 silly audit   '@img/sharp-libvips-linuxmusl-x64': [ '1.3.2' ],
13 silly audit   '@img/sharp-linux-arm': [ '0.35.3' ],
13 silly audit   '@img/sharp-linux-arm64': [ '0.35.3' ],
13 silly audit   '@img/sharp-linux-ppc64': [ '0.35.3' ],
13 silly audit   '@img/sharp-linux-riscv64': [ '0.35.3' ],
13 silly audit   '@img/sharp-linux-s390x': [ '0.35.3' ],
13 silly audit   '@img/sharp-linux-x64': [ '0.35.3' ],
13 silly audit   '@img/sharp-linuxmusl-arm64': [ '0.35.3' ],
13 silly audit   '@img/sharp-linuxmusl-x64': [ '0.35.3' ],
13 silly audit   '@img/sharp-wasm32': [ '0.35.3' ],
13 silly audit   '@img/sharp-webcontainers-wasm32': [ '0.35.3' ],
13 silly audit   '@img/sharp-win32-arm64': [ '0.35.3' ],
13 silly audit   '@img/sharp-win32-ia32': [ '0.35.3' ],
13 silly audit   '@img/sharp-win32-x64': [ '0.35.3' ],
13 silly audit   '@next/env': [ '15.5.22' ],
13 silly audit   '@next/swc-darwin-arm64': [ '15.5.22' ],
13 silly audit   '@next/swc-darwin-x64': [ '15.5.22' ],
13 silly audit   '@next/swc-linux-arm64-gnu': [ '15.5.22' ],
13 silly audit   '@next/swc-linux-arm64-musl': [ '15.5.22' ],
13 silly audit   '@next/swc-linux-x64-gnu': [ '15.5.22' ],
13 silly audit   '@next/swc-linux-x64-musl': [ '15.5.22' ],
13 silly audit   '@next/swc-win32-arm64-msvc': [ '15.5.22' ],
13 silly audit   '@next/swc-win32-x64-msvc': [ '15.5.22' ],
13 silly audit   '@swc/helpers': [ '0.5.15' ],
13 silly audit   'caniuse-lite': [ '1.0.30001806' ],
13 silly audit   'client-only': [ '0.0.1' ],
13 silly audit   'detect-libc': [ '2.1.2' ],
13 silly audit   semver: [ '7.8.5' ],
13 silly audit   'framer-motion': [ '11.18.2' ],
13 silly audit   'lucide-react': [ '0.468.0' ],
13 silly audit   'motion-dom': [ '11.18.1' ],
13 silly audit   'motion-utils': [ '11.18.1' ],
13 silly audit   nanoid: [ '3.3.16' ],
13 silly audit   next: [ '15.5.22' ],
13 silly audit   postcss: [ '8.4.31' ],
13 silly audit   picocolors: [ '1.1.1' ],
13 silly audit   react: [ '19.2.8' ],
13 silly audit   'react-dom': [ '19.2.8' ],
13 silly audit   scheduler: [ '0.27.0' ],
13 silly audit   sharp: [ '0.35.3' ],
13 silly audit   'source-map-js': [ '1.2.1' ],
13 silly audit   'styled-jsx': [ '5.1.6' ],
13 silly audit   tslib: [ '2.8.1' ]
13 silly audit }
14 http fetch POST 200 https://registry.npmjs.org/-/npm/v1/security/advisories/bulk 416ms
15 silly audit report {
15 silly audit report   postcss: [
15 silly audit report     {
15 silly audit report       id: 1117015,
15 silly audit report       url: 'https://github.com/advisories/GHSA-qx2v-qp2m-jg93',
15 silly audit report       title: 'PostCSS has XSS via Unescaped </style> in its CSS Stringify Output',
15 silly audit report       severity: 'moderate',
15 silly audit report       vulnerable_versions: '<8.5.10',
15 silly audit report       cwe: [Array],
15 silly audit report       cvss: [Object]
15 silly audit report     },
15 silly audit report     {
15 silly audit report       id: 1124252,
15 silly audit report       url: 'https://github.com/advisories/GHSA-6g55-p6wh-862q',
15 silly audit report       title: 'PostCSS: Arbitrary file read and information disclosure via attacker-controlled sourceMappingURL in CSS comments',
15 silly audit report       severity: 'high',
15 silly audit report       vulnerable_versions: '<=8.5.11',
15 silly audit report       cwe: [Array],
15 silly audit report       cvss: [Object]
15 silly audit report     },
15 silly audit report     {
15 silly audit report       id: 1124288,
15 silly audit report       url: 'https://github.com/advisories/GHSA-r28c-9q8g-f849',
15 silly audit report       title: 'PostCSS: Path Traversal in Previous Source Map Auto-Loading (sourceMappingURL) leads to Arbitrary .map File Disclosure',
15 silly audit report       severity: 'high',
15 silly audit report       vulnerable_versions: '<=8.5.17',
15 silly audit report       cwe: [Array],
15 silly audit report       cvss: [Object]
15 silly audit report     }
15 silly audit report   ]
15 silly audit report }
16 silly packumentCache corgi:https://registry.npmjs.org/postcss cache-miss
17 http fetch GET 200 https://registry.npmjs.org/postcss 70ms (cache revalidated)
18 silly packumentCache corgi:https://registry.npmjs.org/postcss set size:352693 disposed:false
19 silly packumentCache corgi:https://registry.npmjs.org/next cache-miss
20 http fetch GET 200 https://registry.npmjs.org/next 101ms (cache revalidated)
21 silly packumentCache corgi:https://registry.npmjs.org/next set size:25398200 disposed:false
22 verbose cwd C:\Users\user\AndroidStudioProjects\ats website ziped\New folder
23 verbose os Windows_NT 10.0.26200
24 verbose node v22.19.0
25 verbose npm  v10.9.3
26 verbose exit 1
27 verbose code 1
