0 verbose cli C:\Program Files\nodejs\node.exe C:\Program Files\nodejs\node_modules\npm\bin\npm-cli.js
1 info using npm@10.9.3
2 info using node@v22.19.0
3 silly config load:file:C:\Program Files\nodejs\node_modules\npm\npmrc
4 silly config load:file:C:\Users\user\AndroidStudioProjects\ats website ziped\New folder\.npmrc
5 silly config load:file:C:\Users\user\.npmrc
6 silly config load:file:C:\Users\user\AppData\Roaming\npm\etc\npmrc
7 verbose title npm audit
8 verbose argv "audit" "--omit" "dev" "--cache" ".\\.npm-cache"
9 verbose logfile logs-max:10 dir:C:\Users\user\AndroidStudioProjects\ats website ziped\New folder\.npm-cache\_logs\2026-07-26T18_18_39_761Z-
10 verbose logfile C:\Users\user\AndroidStudioProjects\ats website ziped\New folder\.npm-cache\_logs\2026-07-26T18_18_39_761Z-debug-0.log
11 silly logfile done cleaning log files
12 silly packumentCache heap:2197815296 maxSize:549453824 maxEntrySize:274726912
13 silly audit bulk request {
13 silly audit   '@emnapi/runtime': [ '1.11.3' ],
13 silly audit   '@img/colour': [ '1.1.0' ],
13 silly audit   '@img/sharp-darwin-arm64': [ '0.34.5' ],
13 silly audit   '@img/sharp-darwin-x64': [ '0.34.5' ],
13 silly audit   '@img/sharp-libvips-darwin-arm64': [ '1.2.4' ],
13 silly audit   '@img/sharp-libvips-darwin-x64': [ '1.2.4' ],
13 silly audit   '@img/sharp-libvips-linux-arm': [ '1.2.4' ],
13 silly audit   '@img/sharp-libvips-linux-arm64': [ '1.2.4' ],
13 silly audit   '@img/sharp-libvips-linux-ppc64': [ '1.2.4' ],
13 silly audit   '@img/sharp-libvips-linux-riscv64': [ '1.2.4' ],
13 silly audit   '@img/sharp-libvips-linux-s390x': [ '1.2.4' ],
13 silly audit   '@img/sharp-libvips-linux-x64': [ '1.2.4' ],
13 silly audit   '@img/sharp-libvips-linuxmusl-arm64': [ '1.2.4' ],
13 silly audit   '@img/sharp-libvips-linuxmusl-x64': [ '1.2.4' ],
13 silly audit   '@img/sharp-linux-arm': [ '0.34.5' ],
13 silly audit   '@img/sharp-linux-arm64': [ '0.34.5' ],
13 silly audit   '@img/sharp-linux-ppc64': [ '0.34.5' ],
13 silly audit   '@img/sharp-linux-riscv64': [ '0.34.5' ],
13 silly audit   '@img/sharp-linux-s390x': [ '0.34.5' ],
13 silly audit   '@img/sharp-linux-x64': [ '0.34.5' ],
13 silly audit   '@img/sharp-linuxmusl-arm64': [ '0.34.5' ],
13 silly audit   '@img/sharp-linuxmusl-x64': [ '0.34.5' ],
13 silly audit   '@img/sharp-wasm32': [ '0.34.5' ],
13 silly audit   '@img/sharp-win32-arm64': [ '0.34.5' ],
13 silly audit   '@img/sharp-win32-ia32': [ '0.34.5' ],
13 silly audit   '@img/sharp-win32-x64': [ '0.34.5' ],
13 silly audit   '@next/env': [ '15.5.22' ],
13 silly audit   '@next/swc-darwin-arm64': [ '15.5.22' ],
13 silly audit   '@next/swc-darwin-x64': [ '15.5.22' ],
13 silly audit   '@next/swc-linux-arm64-gnu': [ '15.5.22' ],
13 silly audit   '@next/swc-linux-arm64-musl': [ '15.5.22' ],
13 silly audit   '@next/swc-linux-x64-gnu': [ '15.5.22' ],
13 silly audit   '@next/swc-linux-x64-musl': [ '15.5.22' ],
13 silly audit   '@next/swc-win32-arm64-msvc': [ '15.5.22' ],
13 silly audit   '@next/swc-win32-x64-msvc': [ '15.5.22' ],
13 silly audit   '@swc/helpers': [ '0.5.15' ],
13 silly audit   'caniuse-lite': [ '1.0.30001806' ],
13 silly audit   'client-only': [ '0.0.1' ],
13 silly audit   'detect-libc': [ '2.1.2' ],
13 silly audit   semver: [ '7.8.5' ],
13 silly audit   'framer-motion': [ '11.18.2' ],
13 silly audit   'lucide-react': [ '0.468.0' ],
13 silly audit   'motion-dom': [ '11.18.1' ],
13 silly audit   'motion-utils': [ '11.18.1' ],
13 silly audit   nanoid: [ '3.3.16' ],
13 silly audit   next: [ '15.5.22' ],
13 silly audit   postcss: [ '8.4.31' ],
13 silly audit   picocolors: [ '1.1.1' ],
13 silly audit   react: [ '19.2.8' ],
13 silly audit   'react-dom': [ '19.2.8' ],
13 silly audit   scheduler: [ '0.27.0' ],
13 silly audit   sharp: [ '0.34.5' ],
13 silly audit   'source-map-js': [ '1.2.1' ],
13 silly audit   'styled-jsx': [ '5.1.6' ],
13 silly audit   tslib: [ '2.8.1' ]
13 silly audit }
14 http fetch GET 200 https://registry.npmjs.org/npm 417ms
15 http fetch POST 200 https://registry.npmjs.org/-/npm/v1/security/advisories/bulk 505ms
16 silly audit report {
16 silly audit report   postcss: [
16 silly audit report     {
16 silly audit report       id: 1117015,
16 silly audit report       url: 'https://github.com/advisories/GHSA-qx2v-qp2m-jg93',
16 silly audit report       title: 'PostCSS has XSS via Unescaped </style> in its CSS Stringify Output',
16 silly audit report       severity: 'moderate',
16 silly audit report       vulnerable_versions: '<8.5.10',
16 silly audit report       cwe: [Array],
16 silly audit report       cvss: [Object]
16 silly audit report     },
16 silly audit report     {
16 silly audit report       id: 1124252,
16 silly audit report       url: 'https://github.com/advisories/GHSA-6g55-p6wh-862q',
16 silly audit report       title: 'PostCSS: Arbitrary file read and information disclosure via attacker-controlled sourceMappingURL in CSS comments',
16 silly audit report       severity: 'high',
16 silly audit report       vulnerable_versions: '<=8.5.11',
16 silly audit report       cwe: [Array],
16 silly audit report       cvss: [Object]
16 silly audit report     },
16 silly audit report     {
16 silly audit report       id: 1124288,
16 silly audit report       url: 'https://github.com/advisories/GHSA-r28c-9q8g-f849',
16 silly audit report       title: 'PostCSS: Path Traversal in Previous Source Map Auto-Loading (sourceMappingURL) leads to Arbitrary .map File Disclosure',
16 silly audit report       severity: 'high',
16 silly audit report       vulnerable_versions: '<=8.5.17',
16 silly audit report       cwe: [Array],
16 silly audit report       cvss: [Object]
16 silly audit report     }
16 silly audit report   ],
16 silly audit report   sharp: [
16 silly audit report     {
16 silly audit report       id: 1124066,
16 silly audit report       url: 'https://github.com/advisories/GHSA-f88m-g3jw-g9cj',
16 silly audit report       title: 'sharp inherited vulnerabilities in libvips: CVE-2026-33327, CVE-2026-33328, CVE-2026-35590, CVE-2026-35591',
16 silly audit report       severity: 'high',
16 silly audit report       vulnerable_versions: '<0.35.0',
16 silly audit report       cwe: [Array],
16 silly audit report       cvss: [Object]
16 silly audit report     }
16 silly audit report   ]
16 silly audit report }
17 silly packumentCache corgi:https://registry.npmjs.org/postcss cache-miss
18 silly packumentCache corgi:https://registry.npmjs.org/sharp cache-miss
19 http fetch GET 200 https://registry.npmjs.org/postcss 165ms (cache miss)
20 silly packumentCache corgi:https://registry.npmjs.org/postcss set size:undefined disposed:false
21 http fetch GET 200 https://registry.npmjs.org/sharp 217ms (cache miss)
22 silly packumentCache corgi:https://registry.npmjs.org/sharp set size:undefined disposed:false
23 silly packumentCache corgi:https://registry.npmjs.org/next cache-miss
24 http fetch GET 200 https://registry.npmjs.org/next 837ms (cache miss)
25 silly packumentCache corgi:https://registry.npmjs.org/next set size:undefined disposed:false
26 verbose cwd C:\Users\user\AndroidStudioProjects\ats website ziped\New folder
27 verbose os Windows_NT 10.0.26200
28 verbose node v22.19.0
29 verbose npm  v10.9.3
30 notice
30 notice New major version of npm available! 10.9.3 -> 12.0.1
30 notice Changelog: https://github.com/npm/cli/releases/tag/v12.0.1
30 notice To update run: npm install -g npm@12.0.1
30 notice  { force: true, [Symbol(proc-log.meta)]: true }
31 verbose exit 1
32 verbose code 1
